// Jest Snapshot v1, https://goo.gl/fbAQLP

exports[`Render Sorting 1`] = `
Array [
  null,
]
`;
