// Jest Snapshot v1, https://goo.gl/fbAQLP

exports[`OfferDetail spanshot 1`] = `
Array [
  <div
    class="property__mark"
  >
    <span>
      Premium
    </span>
  </div>,
  <div
    class="property__name-wrapper"
  >
    <h1
      class="property__name"
    >
      Beautiful & luxurious apartment at great location
    </h1>
    <button
      class="property__bookmark-button button "
      type="button"
    >
      <svg
        class="property__bookmark-icon"
        height="33"
        width="31"
      >
        <use
          xlink:href="#icon-bookmark"
        />
      </svg>
      <span
        class="visually-hidden"
      >
        To bookmarks
      </span>
    </button>
  </div>,
  <div
    class="property__rating rating"
  >
    <div
      class="property__stars rating__stars"
    >
      <span
        style="width: 80%;"
      />
      <span
        class="visually-hidden"
      >
        Rating
      </span>
    </div>
    <span
      class="property__rating-value rating__value"
    >
      4
    </span>
  </div>,
  <ul
    class="property__features"
  >
    <li
      class="property__feature property__feature--entire"
    >
      Apartment
    </li>
    <li
      class="property__feature property__feature--bedrooms"
    >
      3
       Bedrooms
    </li>
    <li
      class="property__feature property__feature--adults"
    >
      Max 
      4
       adults
    </li>
  </ul>,
  <div
    class="property__price"
  >
    <b
      class="property__price-value"
    >
      €
      120
    </b>
    <span
      class="property__price-text"
    >
       night
    </span>
  </div>,
  <div
    class="property__inside"
  >
    <h2
      class="property__inside-title"
    >
      What's inside
    </h2>
    <ul
      class="property__inside-list"
    >
      <li
        class="property__inside-item"
      >
        Wi-Fi
      </li>
      <li
        class="property__inside-item"
      >
        Washing machine
      </li>
      <li
        class="property__inside-item"
      >
        Heating
      </li>
      <li
        class="property__inside-item"
      >
        Coffee machine
      </li>
      <li
        class="property__inside-item"
      >
        Baby seat
      </li>
      <li
        class="property__inside-item"
      >
        Dishwasher
      </li>
      <li
        class="property__inside-item"
      >
        Cabel TV
      </li>
      <li
        class="property__inside-item"
      >
        Fridge
      </li>
    </ul>
  </div>,
]
`;
