// Jest Snapshot v1, https://goo.gl/fbAQLP

exports[`Render Main 1`] = `
<div
  className="page page--gray page--main"
>
  <main
    className="page__main page__main--index"
  >
    <h1
      className="visually-hidden"
    >
      Cities
    </h1>
    <section
      className="locations container"
    >
      <ul
        className="locations__list tabs__list"
      >
        <li
          className="locations__item"
          onClick={[Function]}
        >
          <a
            className="locations__item-link tabs__item tabs__item--active"
            href="#"
          >
            <span>
              Paris
            </span>
          </a>
        </li>
        <li
          className="locations__item"
          onClick={[Function]}
        >
          <a
            className="locations__item-link tabs__item "
            href="#"
          >
            <span>
              Cologne
            </span>
          </a>
        </li>
        <li
          className="locations__item"
          onClick={[Function]}
        >
          <a
            className="locations__item-link tabs__item "
            href="#"
          >
            <span>
              Brussels
            </span>
          </a>
        </li>
        <li
          className="locations__item"
          onClick={[Function]}
        >
          <a
            className="locations__item-link tabs__item "
            href="#"
          >
            <span>
              Amsterdam
            </span>
          </a>
        </li>
        <li
          className="locations__item"
          onClick={[Function]}
        >
          <a
            className="locations__item-link tabs__item "
            href="#"
          >
            <span>
              Hamburg
            </span>
          </a>
        </li>
        <li
          className="locations__item"
          onClick={[Function]}
        >
          <a
            className="locations__item-link tabs__item "
            href="#"
          >
            <span>
              Dusseldorf
            </span>
          </a>
        </li>
      </ul>
    </section>
    <div
      className="cities"
    >
      <div
        className="cities__places-container container"
      >
        <section
          className="cities__places places"
        >
          <h2
            className="visually-hidden"
          >
            Places
          </h2>
          <b
            className="places__found"
          >
            No places to stay available
          </b>
          <form
            action="#"
            className="places__sorting"
            method="get"
          >
            <span
              className="places__sorting-caption"
            >
              Sort by 
            </span>
            <span
              className="places__sorting-type"
              onClick={[Function]}
              tabIndex="0"
            >
              Popular
              <svg
                className="places__sorting-arrow"
                height="4"
                width="7"
              >
                <use
                  xlinkHref="#icon-arrow-select"
                />
              </svg>
            </span>
            <ul
              className="places__options places__options--custom "
            >
              <li
                className="places__option places__option--active"
                onClick={[Function]}
                tabIndex="0"
              >
                Popular
              </li>
              <li
                className="places__option "
                onClick={[Function]}
                tabIndex="0"
              >
                Price: low to high
              </li>
              <li
                className="places__option "
                onClick={[Function]}
                tabIndex="0"
              >
                Price: high to low
              </li>
              <li
                className="places__option "
                onClick={[Function]}
                tabIndex="0"
              >
                Top rated first
              </li>
            </ul>
          </form>
          <div
            className="cities__places-list places__list tabs__content"
          />
        </section>
        <div
          className="cities__right-section"
        >
          <section
            className="map cities__map"
          >
            <div
              style={
                Object {
                  "height": "100%",
                  "width": "100%",
                }
              }
            />
          </section>
        </div>
      </div>
    </div>
  </main>
</div>
`;
