// Jest Snapshot v1, https://goo.gl/fbAQLP

exports[`Locations snapshot 1`] = `
Array [
  null,
]
`;
