// Jest Snapshot v1, https://goo.gl/fbAQLP

exports[`Render Login 1`] = `
<div
  className="page__login-container container"
>
  <section
    className="login"
  >
    <h1
      className="login__title"
    >
      Sign in
    </h1>
    <form
      action=""
      className="login__form form"
      onSubmit={[Function]}
    >
      <div
        className="login__input-wrapper form__input-wrapper"
      >
        <label
          className="visually-hidden"
          htmlFor="email"
        >
          E-mail
        </label>
        <input
          className="login__input form__input"
          id="email"
          name="email"
          placeholder="Email"
          type="email"
        />
      </div>
      <div
        className="login__input-wrapper form__input-wrapper"
      >
        <label
          className="visually-hidden"
          htmlFor="password"
        >
          Password
        </label>
        <input
          className="login__input form__input"
          id="password"
          name="password"
          placeholder="Password"
          type="password"
        />
      </div>
      <button
        className="login__submit form__submit button"
        type="submit"
      >
        Sign in
      </button>
    </form>
  </section>
  <section
    className="locations locations--login locations--current"
  >
    <div
      className="locations__item"
    >
      <a
        className="locations__item-link"
        xlinkHref="#"
      >
        <span>
          Amsterdam
        </span>
      </a>
    </div>
  </section>
</div>
`;
